2026-09-29 04:04:55,006 INFO o.a.j.u.JMeterUtils: Setting Locale to en_EN
2026-09-29 04:04:55,017 INFO o.a.j.JMeter: Loading user properties from: F:\apache-jmeter-5.6.3\apache-jmeter-5.6.3\bin\user.properties
2026-09-29 04:04:55,018 INFO o.a.j.JMeter: Loading system properties from: F:\apache-jmeter-5.6.3\apache-jmeter-5.6.3\bin\system.properties
2026-09-29 04:04:55,018 INFO o.a.j.JMeter: Setting JMeter property: users=5
2026-09-29 04:04:55,018 INFO o.a.j.JMeter: Setting JMeter property: rampup=10
2026-09-29 04:04:55,018 INFO o.a.j.JMeter: Setting JMeter property: loops=2
2026-09-29 04:04:55,022 INFO o.a.j.JMeter: Copyright (c) 1998-2024 The Apache Software Foundation
2026-09-29 04:04:55,022 INFO o.a.j.JMeter: Version 5.6.3
2026-09-29 04:04:55,023 INFO o.a.j.JMeter: java.version=25.0.4.1
2026-09-29 04:04:55,023 INFO o.a.j.JMeter: java.vm.name=OpenJDK 64-Bit Server VM
2026-09-29 04:04:55,023 INFO o.a.j.JMeter: os.name=Windows 11
2026-09-29 04:04:55,023 INFO o.a.j.JMeter: os.arch=amd64
2026-09-29 04:04:55,023 INFO o.a.j.JMeter: os.version=10.0
2026-09-29 04:04:55,023 INFO o.a.j.JMeter: file.encoding=UTF-8
2026-09-29 04:04:55,023 INFO o.a.j.JMeter: java.awt.headless=true
2026-09-29 04:04:55,023 INFO o.a.j.JMeter: Max memory     =1073741824
2026-09-29 04:04:55,023 INFO o.a.j.JMeter: Available Processors =12
2026-09-29 04:04:55,032 INFO o.a.j.JMeter: Default Locale=English (EN)
2026-09-29 04:04:55,032 INFO o.a.j.JMeter: JMeter  Locale=English (EN)
2026-09-29 04:04:55,032 INFO o.a.j.JMeter: JMeterHome=F:\apache-jmeter-5.6.3\apache-jmeter-5.6.3
2026-09-29 04:04:55,033 INFO o.a.j.JMeter: user.dir  =F:\qa-portfolio\02-automationexercise-qa-suite\jmeter
2026-09-29 04:04:55,033 INFO o.a.j.JMeter: PWD       =F:\qa-portfolio\02-automationexercise-qa-suite\jmeter
2026-09-29 04:04:55,034 INFO o.a.j.JMeter: IP: 192.168.0.175 Name: DESKTOP-HJ8UUA1 FullName: DESKTOP-HJ8UUA1
2026-09-29 04:04:55,060 INFO o.a.j.JMeter: Setting property 'jmeter.reportgenerator.outputdir' to:'F:\qa-portfolio\02-automationexercise-qa-suite\jmeter\results\report'
2026-09-29 04:04:55,084 INFO o.a.j.s.FileServer: Default base='F:\qa-portfolio\02-automationexercise-qa-suite\jmeter'
2026-09-29 04:04:55,085 INFO o.a.j.s.FileServer: Set new base='F:\qa-portfolio\02-automationexercise-qa-suite\jmeter'
2026-09-29 04:04:55,312 INFO o.a.j.s.SaveService: Testplan (JMX) version: 2.2. Testlog (JTL) version: 2.2
2026-09-29 04:04:55,372 INFO o.a.j.s.SaveService: Using SaveService properties version 5.0
2026-09-29 04:04:55,375 INFO o.a.j.s.SaveService: Using SaveService properties file encoding UTF-8
2026-09-29 04:04:55,378 INFO o.a.j.s.SaveService: Loading file: automationexercise-load-test.jmx
2026-09-29 04:04:55,492 INFO o.a.j.p.h.s.HTTPSamplerBase: Parser for text/html is org.apache.jmeter.protocol.http.parser.LagartoBasedHtmlParser
2026-09-29 04:04:55,492 INFO o.a.j.p.h.s.HTTPSamplerBase: Parser for application/xhtml+xml is org.apache.jmeter.protocol.http.parser.LagartoBasedHtmlParser
2026-09-29 04:04:55,492 INFO o.a.j.p.h.s.HTTPSamplerBase: Parser for application/xml is org.apache.jmeter.protocol.http.parser.LagartoBasedHtmlParser
2026-09-29 04:04:55,492 INFO o.a.j.p.h.s.HTTPSamplerBase: Parser for text/xml is org.apache.jmeter.protocol.http.parser.LagartoBasedHtmlParser
2026-09-29 04:04:55,492 INFO o.a.j.p.h.s.HTTPSamplerBase: Parser for text/vnd.wap.wml is org.apache.jmeter.protocol.http.parser.RegexpHTMLParser
2026-09-29 04:04:55,492 INFO o.a.j.p.h.s.HTTPSamplerBase: Parser for text/css is org.apache.jmeter.protocol.http.parser.CssParser
2026-09-29 04:04:55,511 INFO o.a.j.JMeter: Creating summariser <summary>
2026-09-29 04:04:55,520 INFO o.a.j.r.d.ReportGenerator: ReportGenerator will use for Parsing the separator: ','
2026-09-29 04:04:55,520 INFO o.a.j.r.d.ReportGenerator: Will generate report at end of test from  results file: results\results.jtl
2026-09-29 04:04:55,520 INFO o.a.j.r.d.ReportGenerator: Reading report generator properties from: F:\apache-jmeter-5.6.3\apache-jmeter-5.6.3\bin\reportgenerator.properties
2026-09-29 04:04:55,529 INFO o.a.j.r.d.ReportGenerator: Merging with JMeter properties
2026-09-29 04:04:55,544 INFO o.a.j.r.c.ReportGeneratorConfiguration: Property 'jmeter.reportgenerator.temp_dir' not found, using default value 'temp' instead.
2026-09-29 04:04:55,545 INFO o.a.j.r.c.ReportGeneratorConfiguration: Property 'jmeter.reportgenerator.apdex_per_transaction' not found, using default value 'null' instead.
2026-09-29 04:04:55,546 INFO o.a.j.r.c.ReportGeneratorConfiguration: apdex_per_transaction is empty, not APDEX per transaction customization
2026-09-29 04:04:55,546 INFO o.a.j.r.c.ReportGeneratorConfiguration: Property 'jmeter.reportgenerator.sample_filter' not found, using default value 'null' instead.
2026-09-29 04:04:55,546 INFO o.a.j.r.c.ReportGeneratorConfiguration: Property 'jmeter.reportgenerator.report_title' not found, using default value 'null' instead.
2026-09-29 04:04:55,546 INFO o.a.j.r.c.ReportGeneratorConfiguration: Property 'jmeter.reportgenerator.start_date' not found, using default value 'null' instead.
2026-09-29 04:04:55,546 INFO o.a.j.r.c.ReportGeneratorConfiguration: Property 'jmeter.reportgenerator.end_date' not found, using default value 'null' instead.
2026-09-29 04:04:55,546 INFO o.a.j.r.c.ReportGeneratorConfiguration: Property 'jmeter.reportgenerator.date_format' not found, using default value 'null' instead.
2026-09-29 04:04:55,546 INFO o.a.j.r.c.ReportGeneratorConfiguration: Will use date range start date: null, end date: null
2026-09-29 04:04:55,551 INFO o.a.j.r.c.ReportGeneratorConfiguration: Property 'jmeter.reportgenerator.graph.totalTPS.exclude_controllers' not found, using default value 'false' instead.
2026-09-29 04:04:55,551 INFO o.a.j.r.c.ReportGeneratorConfiguration: Property 'jmeter.reportgenerator.graph.activeThreadsOverTime.exclude_controllers' not found, using default value 'false' instead.
2026-09-29 04:04:55,551 INFO o.a.j.r.c.ReportGeneratorConfiguration: Property 'jmeter.reportgenerator.graph.timeVsThreads.exclude_controllers' not found, using default value 'false' instead.
2026-09-29 04:04:55,551 INFO o.a.j.r.c.ReportGeneratorConfiguration: Property 'jmeter.reportgenerator.graph.responseTimeDistribution.exclude_controllers' not found, using default value 'false' instead.
2026-09-29 04:04:55,551 INFO o.a.j.r.c.ReportGeneratorConfiguration: Property 'jmeter.reportgenerator.graph.transactionsPerSecond.exclude_controllers' not found, using default value 'false' instead.
2026-09-29 04:04:55,551 INFO o.a.j.r.c.ReportGeneratorConfiguration: Property 'jmeter.reportgenerator.graph.responseTimePercentiles.exclude_controllers' not found, using default value 'false' instead.
2026-09-29 04:04:55,551 INFO o.a.j.r.c.ReportGeneratorConfiguration: Property 'jmeter.reportgenerator.graph.responseTimePercentilesOverTime.exclude_controllers' not found, using default value 'false' instead.
2026-09-29 04:04:55,551 INFO o.a.j.r.c.ReportGeneratorConfiguration: Property 'jmeter.reportgenerator.graph.responseTimesOverTime.exclude_controllers' not found, using default value 'false' instead.
2026-09-29 04:04:55,551 INFO o.a.j.r.c.ReportGeneratorConfiguration: Property 'jmeter.reportgenerator.graph.connectTimeOverTime.exclude_controllers' not found, using default value 'false' instead.
2026-09-29 04:04:55,552 INFO o.a.j.r.c.ReportGeneratorConfiguration: Property 'jmeter.reportgenerator.graph.latenciesOverTime.exclude_controllers' not found, using default value 'false' instead.
2026-09-29 04:04:55,552 INFO o.a.j.r.c.ReportGeneratorConfiguration: Property 'jmeter.reportgenerator.exporter.json.filters_only_sample_series' not found, using default value 'true' instead.
2026-09-29 04:04:55,552 INFO o.a.j.r.c.ReportGeneratorConfiguration: Property 'jmeter.reportgenerator.exporter.json.series_filter' not found, using default value '' instead.
2026-09-29 04:04:55,552 INFO o.a.j.r.c.ReportGeneratorConfiguration: Property 'jmeter.reportgenerator.exporter.json.show_controllers_only' not found, using default value 'false' instead.
2026-09-29 04:04:55,552 INFO o.a.j.r.c.ReportGeneratorConfiguration: Property 'jmeter.reportgenerator.exporter.html.filters_only_sample_series' not found, using default value 'true' instead.
2026-09-29 04:04:55,552 INFO o.a.j.r.c.ReportGeneratorConfiguration: Property 'jmeter.reportgenerator.exporter.html.series_filter' not found, using default value '' instead.
2026-09-29 04:04:55,552 INFO o.a.j.r.c.ReportGeneratorConfiguration: Property 'jmeter.reportgenerator.exporter.html.show_controllers_only' not found, using default value 'false' instead.
2026-09-29 04:04:55,561 INFO o.a.j.e.StandardJMeterEngine: Running the test!
2026-09-29 04:04:55,561 INFO o.a.j.s.SampleEvent: List of sample_variables: []
2026-09-29 04:04:55,561 INFO o.a.j.s.SampleEvent: List of sample_variables: []
2026-09-29 04:04:55,564 INFO o.a.j.e.u.CompoundVariable: Note: Function class names must contain the string: '.functions.'
2026-09-29 04:04:55,565 INFO o.a.j.e.u.CompoundVariable: Note: Function class names must not contain the string: '.gui.'
2026-09-29 04:04:55,721 INFO o.a.j.JMeter: Running test (1790633095721)
2026-09-29 04:04:55,734 INFO o.a.j.e.StandardJMeterEngine: Starting ThreadGroup: 1 : Visitors using the shop
2026-09-29 04:04:55,735 INFO o.a.j.e.StandardJMeterEngine: Starting 5 threads for group Visitors using the shop.
2026-09-29 04:04:55,735 INFO o.a.j.e.StandardJMeterEngine: Thread will continue on error
2026-09-29 04:04:55,735 INFO o.a.j.t.ThreadGroup: Starting thread group... number=1 threads=5 ramp-up=10 delayedStart=false
2026-09-29 04:04:55,741 INFO o.a.j.t.ThreadGroup: Started thread group number 1
2026-09-29 04:04:55,741 INFO o.a.j.e.StandardJMeterEngine: All thread groups have been started
2026-09-29 04:04:55,802 INFO o.a.j.t.JMeterThread: Thread started: Visitors using the shop 1-1
2026-09-29 04:04:55,803 INFO o.a.j.s.FileServer: Stored: data/search_terms.csv
2026-09-29 04:04:57,799 INFO o.a.j.t.JMeterThread: Thread started: Visitors using the shop 1-2
2026-09-29 04:04:58,908 INFO o.a.j.p.h.s.HTTPHCAbstractImpl: Local host = DESKTOP-HJ8UUA1
2026-09-29 04:04:58,920 INFO o.a.j.p.h.s.HTTPHC4Impl: HTTP request retry count = 0
2026-09-29 04:04:58,921 INFO o.a.j.s.SampleResult: Note: Sample TimeStamps are START times
2026-09-29 04:04:58,921 INFO o.a.j.s.SampleResult: sampleresult.default.encoding is set to UTF-8
2026-09-29 04:04:58,921 INFO o.a.j.s.SampleResult: sampleresult.useNanoTime=true
2026-09-29 04:04:58,921 INFO o.a.j.s.SampleResult: sampleresult.nanoThreadSleep=5000
2026-09-29 04:04:59,003 INFO o.a.j.p.h.s.h.LazyLayeredConnectionSocketFactory: Setting up HTTPS TrustAll Socket Factory
2026-09-29 04:04:59,007 INFO o.a.j.u.JsseSSLManager: Using default SSL protocol: TLS
2026-09-29 04:04:59,007 INFO o.a.j.u.JsseSSLManager: SSL session context: per-thread
2026-09-29 04:04:59,087 INFO o.a.j.u.SSLManager: JmeterKeyStore Location:  type JKS
2026-09-29 04:04:59,089 INFO o.a.j.u.SSLManager: KeyStore created OK
2026-09-29 04:04:59,089 WARN o.a.j.u.SSLManager: Keystore file not found, loading empty keystore
2026-09-29 04:04:59,799 INFO o.a.j.t.JMeterThread: Thread started: Visitors using the shop 1-3
2026-09-29 04:05:00,286 INFO o.a.j.r.Summariser: summary +      1 in 00:00:05 =    0.2/s Avg:  1292 Min:  1292 Max:  1292 Err:     0 (0.00%) Active: 3 Started: 3 Finished: 0
2026-09-29 04:05:01,797 INFO o.a.j.t.JMeterThread: Thread started: Visitors using the shop 1-4
2026-09-29 04:05:03,796 INFO o.a.j.t.JMeterThread: Thread started: Visitors using the shop 1-5
2026-09-29 04:05:30,012 INFO o.a.j.r.Summariser: summary +     41 in 00:00:30 =    1.4/s Avg:   375 Min:   270 Max:  1623 Err:     0 (0.00%) Active: 5 Started: 5 Finished: 0
2026-09-29 04:05:30,012 INFO o.a.j.r.Summariser: summary =     42 in 00:00:34 =    1.2/s Avg:   397 Min:   270 Max:  1623 Err:     0 (0.00%)
2026-09-29 04:05:30,012 INFO o.a.j.t.JMeterThread: Thread is done: Visitors using the shop 1-1
2026-09-29 04:05:30,012 INFO o.a.j.t.JMeterThread: Thread finished: Visitors using the shop 1-1
2026-09-29 04:05:31,544 INFO o.a.j.t.JMeterThread: Thread is done: Visitors using the shop 1-2
2026-09-29 04:05:31,544 INFO o.a.j.t.JMeterThread: Thread finished: Visitors using the shop 1-2
2026-09-29 04:05:34,099 INFO o.a.j.t.JMeterThread: Thread is done: Visitors using the shop 1-3
2026-09-29 04:05:34,099 INFO o.a.j.t.JMeterThread: Thread finished: Visitors using the shop 1-3
2026-09-29 04:05:34,898 INFO o.a.j.t.JMeterThread: Thread is done: Visitors using the shop 1-4
2026-09-29 04:05:34,899 INFO o.a.j.t.JMeterThread: Thread finished: Visitors using the shop 1-4
2026-09-29 04:05:37,613 INFO o.a.j.t.JMeterThread: Thread is done: Visitors using the shop 1-5
2026-09-29 04:05:37,613 INFO o.a.j.t.JMeterThread: Thread finished: Visitors using the shop 1-5
2026-09-29 04:05:37,614 INFO o.a.j.e.StandardJMeterEngine: Notifying test listeners of end of test
2026-09-29 04:05:37,614 INFO o.a.j.s.FileServer: Close: data/search_terms.csv
2026-09-29 04:05:37,616 INFO o.a.j.r.Summariser: summary +      8 in 00:00:08 =    1.1/s Avg:   277 Min:   269 Max:   292 Err:     0 (0.00%) Active: 0 Started: 5 Finished: 5
2026-09-29 04:05:37,616 INFO o.a.j.r.Summariser: summary =     50 in 00:00:42 =    1.2/s Avg:   377 Min:   269 Max:  1623 Err:     0 (0.00%)
2026-09-29 04:05:37,616 INFO o.a.j.JMeter: Generating Dashboard
2026-09-29 04:05:37,616 INFO o.a.j.r.d.ReportGenerator: Flushing result collector before report Generation
2026-09-29 04:05:37,657 INFO o.a.j.r.p.NormalizerSampleConsumer: Using format, 'ms', to parse timeStamp field
2026-09-29 04:05:37,727 INFO o.a.j.r.p.AbstractSampleConsumer: class org.apache.jmeter.report.processor.AggregateConsumer#stopProducing(): beginDate produced 0 samples
2026-09-29 04:05:37,727 INFO o.a.j.r.p.AbstractSampleConsumer: class org.apache.jmeter.report.processor.AggregateConsumer#stopProducing(): endDate produced 0 samples
2026-09-29 04:05:37,729 INFO o.a.j.r.p.AbstractSampleConsumer: class org.apache.jmeter.report.processor.ApdexSummaryConsumer#stopProducing(): apdexSummary produced 0 samples
2026-09-29 04:05:37,730 INFO o.a.j.r.p.AbstractSampleConsumer: class org.apache.jmeter.report.processor.RequestsSummaryConsumer#stopProducing(): requestsSummary produced 0 samples
2026-09-29 04:05:37,733 INFO o.a.j.r.p.AbstractSampleConsumer: class org.apache.jmeter.report.processor.StatisticsSummaryConsumer#stopProducing(): statisticsSummary produced 0 samples
2026-09-29 04:05:37,734 INFO o.a.j.r.p.AbstractSampleConsumer: class org.apache.jmeter.report.processor.Top5ErrorsBySamplerConsumer#stopProducing(): top5ErrorsBySampler produced 0 samples
2026-09-29 04:05:37,734 INFO o.a.j.r.p.AbstractSampleConsumer: class org.apache.jmeter.report.processor.ErrorsSummaryConsumer#stopProducing(): errorsSummary produced 0 samples
2026-09-29 04:05:37,734 INFO o.a.j.r.p.AbstractSampleConsumer: class org.apache.jmeter.report.processor.graph.impl.HitsPerSecondGraphConsumer#stopProducing(): hitsPerSecond produced 0 samples
2026-09-29 04:05:37,757 INFO o.a.j.r.p.AbstractSampleConsumer: class org.apache.jmeter.report.processor.graph.impl.LatencyVSRequestGraphConsumer#stopProducing(): latencyVsRequest produced 0 samples
2026-09-29 04:05:37,757 INFO o.a.j.r.p.AbstractSampleConsumer: class org.apache.jmeter.report.processor.graph.impl.SyntheticResponseTimeDistributionGraphConsumer#stopProducing(): syntheticResponseTimeDistribution produced 0 samples
2026-09-29 04:05:37,757 INFO o.a.j.r.p.AbstractSampleConsumer: class org.apache.jmeter.report.processor.graph.impl.BytesThroughputGraphConsumer#stopProducing(): bytesThroughputOverTime produced 0 samples
2026-09-29 04:05:37,758 INFO o.a.j.r.p.AbstractSampleConsumer: class org.apache.jmeter.report.processor.graph.impl.CodesPerSecondGraphConsumer#stopProducing(): codesPerSecond produced 0 samples
2026-09-29 04:05:37,761 INFO o.a.j.r.p.AbstractSampleConsumer: class org.apache.jmeter.report.processor.graph.impl.ResponseTimeVSRequestGraphConsumer#stopProducing(): responseTimeVsRequest produced 0 samples
2026-09-29 04:05:37,762 INFO o.a.j.r.p.AbstractSampleConsumer: class org.apache.jmeter.report.processor.FilterConsumer#stopProducing(): startIntervalControlerFilter produced 350 samples
2026-09-29 04:05:37,762 INFO o.a.j.r.p.AbstractSampleConsumer: class org.apache.jmeter.report.processor.graph.impl.TotalTPSGraphConsumer#stopProducing(): totalTPS produced 0 samples
2026-09-29 04:05:37,762 INFO o.a.j.r.p.AbstractSampleConsumer: class org.apache.jmeter.report.processor.graph.impl.ActiveThreadsGraphConsumer#stopProducing(): activeThreadsOverTime produced 0 samples
2026-09-29 04:05:37,762 INFO o.a.j.r.p.AbstractSampleConsumer: class org.apache.jmeter.report.processor.graph.impl.TimeVSThreadGraphConsumer#stopProducing(): timeVsThreads produced 0 samples
2026-09-29 04:05:37,762 INFO o.a.j.r.p.AbstractSampleConsumer: class org.apache.jmeter.report.processor.graph.impl.ResponseTimeDistributionGraphConsumer#stopProducing(): responseTimeDistribution produced 0 samples
2026-09-29 04:05:37,762 INFO o.a.j.r.p.AbstractSampleConsumer: class org.apache.jmeter.report.processor.graph.impl.TransactionsPerSecondGraphConsumer#stopProducing(): transactionsPerSecond produced 0 samples
2026-09-29 04:05:37,762 INFO o.a.j.r.p.AbstractSampleConsumer: class org.apache.jmeter.report.processor.graph.impl.ResponseTimePercentilesGraphConsumer#stopProducing(): responseTimePercentiles produced 0 samples
2026-09-29 04:05:37,763 INFO o.a.j.r.p.AbstractSampleConsumer: class org.apache.jmeter.report.processor.graph.impl.ResponseTimePercentilesOverTimeGraphConsumer#stopProducing(): responseTimePercentilesOverTime produced 0 samples
2026-09-29 04:05:37,764 INFO o.a.j.r.p.AbstractSampleConsumer: class org.apache.jmeter.report.processor.graph.impl.ResponseTimeOverTimeGraphConsumer#stopProducing(): responseTimesOverTime produced 0 samples
2026-09-29 04:05:37,764 INFO o.a.j.r.p.AbstractSampleConsumer: class org.apache.jmeter.report.processor.graph.impl.ConnectTimeOverTimeGraphConsumer#stopProducing(): connectTimeOverTime produced 0 samples
2026-09-29 04:05:37,764 INFO o.a.j.r.p.AbstractSampleConsumer: class org.apache.jmeter.report.processor.graph.impl.LatencyOverTimeGraphConsumer#stopProducing(): latenciesOverTime produced 0 samples
2026-09-29 04:05:37,764 INFO o.a.j.r.p.AbstractSampleConsumer: class org.apache.jmeter.report.processor.FilterConsumer#stopProducing(): nameFilter produced 750 samples
2026-09-29 04:05:37,764 INFO o.a.j.r.p.AbstractSampleConsumer: class org.apache.jmeter.report.processor.FilterConsumer#stopProducing(): dateRangeFilter produced 150 samples
2026-09-29 04:05:37,764 INFO o.a.j.r.p.AbstractSampleConsumer: class org.apache.jmeter.report.processor.NormalizerSampleConsumer#stopProducing(): normalizer produced 50 samples
2026-09-29 04:05:37,764 INFO o.a.j.r.p.CsvFileSampleSource: produce(): 50 samples produced in 91ms on channel 0
2026-09-29 04:05:37,764 INFO o.a.j.r.d.ReportGenerator: Exporting data using exporter:'json' of className:'org.apache.jmeter.report.dashboard.JsonExporter'
2026-09-29 04:05:37,847 INFO o.a.j.r.d.JsonExporter: Found data for consumer statisticsSummary in context
2026-09-29 04:05:37,847 INFO o.a.j.r.d.JsonExporter: Creating statistics for overall
2026-09-29 04:05:37,848 INFO o.a.j.r.d.JsonExporter: Creating statistics for other transactions
2026-09-29 04:05:37,848 INFO o.a.j.r.d.JsonExporter: Checking output folder
2026-09-29 04:05:37,848 INFO o.a.j.r.d.JsonExporter: Writing statistics JSON to F:\qa-portfolio\02-automationexercise-qa-suite\jmeter\results\report\statistics.json
2026-09-29 04:05:37,875 INFO o.a.j.r.d.ReportGenerator: Exporting data using exporter:'html' of className:'org.apache.jmeter.report.dashboard.HtmlTemplateExporter'
2026-09-29 04:05:37,876 INFO o.a.j.r.d.HtmlTemplateExporter: Will generate dashboard in folder: F:\qa-portfolio\02-automationexercise-qa-suite\jmeter\results\report
2026-09-29 04:05:38,041 INFO o.a.j.r.d.HtmlTemplateExporter: Report will be generated in: F:\qa-portfolio\02-automationexercise-qa-suite\jmeter\results\report, creating folder structure
2026-09-29 04:05:38,043 INFO o.a.j.r.d.TemplateVisitor: Copying folder from 'F:\apache-jmeter-5.6.3\apache-jmeter-5.6.3\bin\report-template' to 'F:\qa-portfolio\02-automationexercise-qa-suite\jmeter\results\report', got message: F:\qa-portfolio\02-automationexercise-qa-suite\jmeter\results\report, found non empty folder with following content [F:\qa-portfolio\02-automationexercise-qa-suite\jmeter\results\report\statistics.json], will be ignored
2026-09-29 04:05:38,519 INFO o.a.j.JMeter: Dashboard generated
